// Jest Snapshot v1, https://goo.gl/fbAQLP

exports[`PhoneInfo should display phone info 1`] = `
<div
  className="info"
>
  <h1>
    Apple
     
    iPhone 7
     
    black
  </h1>
  <div
    className="info__price"
  >
    769
     â‚¬
  </div>
  <button
    class="btn btn-info"
    type="button"
  >
    Add to cart
    <img
      alt="Add to cart"
      class="btn__icon"
      src={
        Object {
          "ReactComponent": Object {
            "$$typeof": Symbol(react.forward_ref),
            "render": [Function],
          },
          "__esModule": true,
          "default": "cart-plus.svg",
        }
      }
    />
  </button>
</div>
`;
