// Jest Snapshot v1, https://goo.gl/fbAQLP

exports[`PhonesListItem should display phones list item 1`] = `
<div>
  <img
    alt="iPhone 7"
    className="image"
    src="IPhone_7.png"
  />
  <h1
    className="display-4"
  >
    Apple
     
    iPhone 7
  </h1>
  <ul
    className="traits"
  >
    <li
      className="traits__item"
    >
      <span>
        769
        â‚¬
      </span>
    </li>
    <li
      className="traits__item"
    >
      <span>
        2
        GB RAM
      </span>
    </li>
  </ul>
</div>
`;
