// Jest Snapshot v1, https://goo.gl/fbAQLP

exports[`Filters should render component 1`] = `
<form>
  <ManufacturerSelect
    onManufacturerChange={[MockFunction]}
  />
</form>
`;
